........................................................................ [ 80%]
F................                                                        [100%]
=================================== FAILURES ===================================
_____________ test_save_state_recovers_from_invalid_existing_json ______________

tmp_path = PosixPath('/tmp/pytest-of-lily/pytest-23/test_save_state_recovers_from_0')

    def test_save_state_recovers_from_invalid_existing_json(tmp_path):
        workspace = tmp_path / "agent"
        workspace.mkdir()
        (workspace / "state.json").write_text("{invalid json", encoding="utf-8")
        manager = _make_manager(workspace)

        manager._save_state()

>       state = _read_state(workspace)
                ^^^^^^^^^^^^^^^^^^^^^^

tests/test_flexible_backend_state.py:541:
_ _ _ _ _ _ _ _ _ _ _ _ _ _ _ _ _ _ _ _ _ _ _ _ _ _ _ _ _ _ _ _ _ _ _ _ _ _ _ _
tests/test_flexible_backend_state.py:55: in _read_state
    return json.loads((workspace / "state.json").read_text(encoding="utf-8"))
           ^^^^^^^^^^^^^^^^^^^^^^^^^^^^^^^^^^^^^^^^^^^^^^^^^^^^^^^^^^^^^^^^^^
../../.local/share/uv/python/cpython-3.12.13-linux-x86_64-gnu/lib/python3.12/json/__init__.py:346: in loads
    return _default_decoder.decode(s)
           ^^^^^^^^^^^^^^^^^^^^^^^^^^
../../.local/share/uv/python/cpython-3.12.13-linux-x86_64-gnu/lib/python3.12/json/decoder.py:338: in decode
    obj, end = self.raw_decode(s, idx=_w(s, 0).end())
               ^^^^^^^^^^^^^^^^^^^^^^^^^^^^^^^^^^^^^^
_ _ _ _ _ _ _ _ _ _ _ _ _ _ _ _ _ _ _ _ _ _ _ _ _ _ _ _ _ _ _ _ _ _ _ _ _ _ _ _

self = <json.decoder.JSONDecoder object at 0x7fe3f3137950>, s = '{invalid json'
idx = 0

    def raw_decode(self, s, idx=0):
        """Decode a JSON document from ``s`` (a ``str`` beginning with
        a JSON document) and return a 2-tuple of the Python
        representation and the index in ``s`` where the document ended.

        This can be used to decode a JSON document from a string that may
        have extraneous data at the end.

        """
        try:
>           obj, end = self.scan_once(s, idx)
                       ^^^^^^^^^^^^^^^^^^^^^^
E           json.decoder.JSONDecodeError: Expecting property name enclosed in double quotes: line 1 column 2 (char 1)

../../.local/share/uv/python/cpython-3.12.13-linux-x86_64-gnu/lib/python3.12/json/decoder.py:354: JSONDecodeError
------------------------------ Captured log call -------------------------------
ERROR    BackendMgr.test-flex:flexible_backend_manager.py:372 Failed to load state.json: Expecting property name enclosed in double quotes: line 1 column 2 (char 1)
ERROR    BackendMgr.test-flex:flexible_backend_manager.py:422 Failed to save state.json: Expecting property name enclosed in double quotes: line 1 column 2 (char 1)
=========================== short test summary info ============================
FAILED tests/test_flexible_backend_state.py::test_save_state_recovers_from_invalid_existing_json
1 failed, 88 passed in 3.30s
